True
False
True
False
False
False
True
True
True
False
True
False
-10
-42
