3
-1
2
50
99
False
True
99
True
False
99
True
False
99
True
True
False
99
False
True
99
False
True
True
